// Jest Snapshot v1, https://goo.gl/fbAQLP

exports[`<Spinner /> renders without errors 1`] = `
<div
  className="container"
>
  <div
    className="loader"
  />
</div>
`;
