// Jest Snapshot v1, https://goo.gl/fbAQLP

exports[`<Label /> renders without errors 1`] = `
<div
  className="label"
>
  <label
    data-id={false}
    htmlFor=""
  >
    <span
      className="title"
      data-id="label-title"
    />
  </label>
</div>
`;
