// Jest Snapshot v1, https://goo.gl/fbAQLP

exports[`<Footer /> rendered without errors 1`] = `
<footer
  className="footer"
>
  <div
    className="topBlock"
  >
    <div
      className="topBlockContainer"
    >
      <div
        className="logoLinkContainer"
      >
        <NavigationLink
          absolute={true}
          activeClassName=""
          activeTowardsRoot={false}
          className="logoLink"
          href="/"
          onClick={null}
        >
          <Logo
            className="logo"
            viewBox="0 0 195 57.1"
            xmlns="http://www.w3.org/2000/svg"
          />
        </NavigationLink>
      </div>
      <div
        className="contacts"
      >
        <a
          className="phone"
          href="tel:666"
        >
          666  
        </a>
        <a
          className="emailLink"
          href="mailto:hello@email.co.uk"
        >
          hello@email.co.uk
        </a>
        <p>
          Phone lines open Mon to Thurs, 9am-7pm; Fri to Sat, 9am-5pm; Sun Closed
        </p>
      </div>
      <div
        className="socials"
      >
        <a
          className="facebook"
          href="https://www.facebook.com/buyacarcouk-118472818183789"
          key="facebook"
          rel="noreferrer"
          target="_blank"
        >
          <span
            hidden={true}
          >
            facebook
          </span>
        </a>
        <a
          className="twitter"
          href="https://twitter.com/buy_a_car"
          key="twitter"
          rel="noreferrer"
          target="_blank"
        >
          <span
            hidden={true}
          >
            twitter
          </span>
        </a>
        <a
          className="linkedin"
          href="https://www.linkedin.com/company/buyacar-co-uk"
          key="linkedin"
          rel="noreferrer"
          target="_blank"
        >
          <span
            hidden={true}
          >
            linkedin
          </span>
        </a>
        <a
          className="email"
          href="mailto:hello@email.co.uk"
          key="email"
        >
          <span
            hidden={true}
          >
            email
          </span>
        </a>
        <a
          className="instagram"
          href="https://www.instagram.com/buyacaruk/"
          key="instagram"
          rel="noreferrer"
          target="_blank"
        >
          <span
            hidden={true}
          >
            instagram
          </span>
        </a>
      </div>
    </div>
  </div>
  <div
    className="mainBlock"
  >
    <div
      className="mainBlockContainer"
    >
      <ul
        className="siteLinksList"
      >
        <li
          className="siteLinksListItem"
          key="Reservation"
        >
          <NavigationLink
            absolute={true}
            activeClassName=""
            activeTowardsRoot={false}
            className="siteLink"
            href="/cars"
            onClick={null}
          >
            Reservation
          </NavigationLink>
        </li>
        <li
          className="siteLinksListItem"
          key="Used Cars"
        >
          <NavigationLink
            absolute={true}
            activeClassName=""
            activeTowardsRoot={false}
            className="siteLink"
            href="/cars"
            onClick={null}
          >
            Used Cars
          </NavigationLink>
        </li>
        <li
          className="siteLinksListItem"
          key="New Cars in Stock"
        >
          <NavigationLink
            absolute={true}
            activeClassName=""
            activeTowardsRoot={false}
            className="siteLink"
            href="/cars/new-cars"
            onClick={null}
          >
            New Cars in Stock
          </NavigationLink>
        </li>
        <li
          className="siteLinksListItem"
          key="Vans"
        >
          <NavigationLink
            absolute={true}
            activeClassName=""
            activeTowardsRoot={false}
            className="siteLink"
            href="/vans"
            onClick={null}
          >
            Vans
          </NavigationLink>
        </li>
        <li
          className="siteLinksListItem"
          key="How It Works"
        >
          <NavigationLink
            absolute={true}
            activeClassName=""
            activeTowardsRoot={false}
            className="siteLink"
            href="/how-it-works"
            onClick={null}
          >
            How It Works
          </NavigationLink>
        </li>
        <li
          className="siteLinksListItem"
          key="FAQ"
        >
          <NavigationLink
            absolute={true}
            activeClassName=""
            activeTowardsRoot={false}
            className="siteLink"
            href="/how-it-works/faq"
            onClick={null}
          >
            FAQ
          </NavigationLink>
        </li>
        <li
          className="siteLinksListItem"
          key="About Us"
        >
          <NavigationLink
            absolute={true}
            activeClassName=""
            activeTowardsRoot={false}
            className="siteLink"
            href="/how-it-works/about"
            onClick={null}
          >
            About Us
          </NavigationLink>
        </li>
        <li
          className="siteLinksListItem"
          key="As seen in the press"
        >
          <NavigationLink
            absolute={true}
            activeClassName=""
            activeTowardsRoot={false}
            className="siteLink"
            href="/press"
            onClick={null}
          >
            As seen in the press
          </NavigationLink>
        </li>
        <li
          className="siteLinksListItem"
          key="Buyer's Guides"
        >
          <NavigationLink
            absolute={true}
            activeClassName=""
            activeTowardsRoot={false}
            className="siteLink"
            href="/buyers-guides"
            onClick={null}
          >
            Buyer's Guides
          </NavigationLink>
        </li>
        <li
          className="siteLinksListItem"
          key="News"
        >
          <NavigationLink
            absolute={true}
            activeClassName=""
            activeTowardsRoot={false}
            className="siteLink"
            href="/news"
            onClick={null}
          >
            News
          </NavigationLink>
        </li>
        <li
          className="siteLinksListItem"
          key="Advice"
        >
          <NavigationLink
            absolute={true}
            activeClassName=""
            activeTowardsRoot={false}
            className="siteLink"
            href="/advice"
            onClick={null}
          >
            Advice
          </NavigationLink>
        </li>
        <li
          className="siteLinksListItem"
          key="Complaints"
        >
          <NavigationLink
            absolute={true}
            activeClassName=""
            activeTowardsRoot={false}
            className="siteLink"
            href="/how-it-works/contact-us#complaints"
            onClick={null}
          >
            Complaints
          </NavigationLink>
        </li>
        <li
          className="siteLinksListItem"
          key="Initial Disclosure Document"
        >
          <NavigationLink
            absolute={true}
            activeClassName=""
            activeTowardsRoot={false}
            className="siteLink"
            href="/cars/1224/initial-disclosure-document"
            onClick={null}
          >
            Initial Disclosure Document
          </NavigationLink>
        </li>
        <li
          className="siteLinksListItem"
          key="Work For Us"
        >
          <a
            className="siteLink"
            href="https://www.autovia.co.uk/careers/search/?department=&brand=BuyaCar&location=&typeOfEmployment="
            target="_blank"
          >
            Work For Us
          </a>
        </li>
        <li
          className="siteLinksListItem"
          key="Dealer Sales"
        >
          <NavigationLink
            absolute={true}
            activeClassName=""
            activeTowardsRoot={false}
            className="siteLink"
            href="/dealer-sales"
            onClick={null}
          >
            Dealer Sales
          </NavigationLink>
        </li>
        <li
          className="siteLinksListItem"
          key="Privacy Policy"
        >
          <a
            className="siteLink"
            href="https://www.autovia.co.uk/privacy-policy"
            target="_blank"
          >
            Privacy Policy
          </a>
        </li>
        <li
          className="siteLinksListItem"
          key="Cookie Policy"
        >
          <a
            className="siteLink"
            href="https://www.autovia.co.uk/cookies-policy"
            target="_blank"
          >
            Cookie Policy
          </a>
        </li>
        <li
          className="siteLinksListItem"
          key="Sitemap"
        >
          <NavigationLink
            absolute={true}
            activeClassName=""
            activeTowardsRoot={false}
            className="siteLink"
            href="/sitemap"
            onClick={null}
          >
            Sitemap
          </NavigationLink>
        </li>
      </ul>
      <div
        className="socialsSmallScreens"
      >
        <a
          className="facebook"
          href="https://www.facebook.com/buyacarcouk-118472818183789"
          key="facebook"
          rel="noreferrer"
          target="_blank"
        >
          <span
            hidden={true}
          >
            facebook
          </span>
        </a>
        <a
          className="twitter"
          href="https://twitter.com/buy_a_car"
          key="twitter"
          rel="noreferrer"
          target="_blank"
        >
          <span
            hidden={true}
          >
            twitter
          </span>
        </a>
        <a
          className="linkedin"
          href="https://www.linkedin.com/company/buyacar-co-uk"
          key="linkedin"
          rel="noreferrer"
          target="_blank"
        >
          <span
            hidden={true}
          >
            linkedin
          </span>
        </a>
        <a
          className="email"
          href="mailto:hello@email.co.uk"
          key="email"
        >
          <span
            hidden={true}
          >
            email
          </span>
        </a>
        <a
          className="instagram"
          href="https://www.instagram.com/buyacaruk/"
          key="instagram"
          rel="noreferrer"
          target="_blank"
        >
          <span
            hidden={true}
          >
            instagram
          </span>
        </a>
      </div>
      <div
        className="tpWrapper"
      >
        <Trustpilot
          options={
            Object {
              "accountLink": "https://uk.trustpilot.com/review/website",
              "businessUnitId": "4bdcd9ad000064000505fa5a",
              "className": "trustpilot-widget",
              "locale": "en-GB",
              "scriptPath": "https://widget.trustpilot.com/bootstrap/v5/tp.widget.bootstrap.min.js",
              "stars": "4,5",
              "styleHeight": "",
              "styleWidth": "100%",
              "templateId": "53aa8807dec7e10d38f59f32",
              "theme": "light",
            }
          }
        />
      </div>
    </div>
  </div>
  <div
    className="copyright"
  >
    <div
      className="copyrightContainer"
    >
      <img
        alt="BVRLA"
        className="bvrlaLogo"
        src="/images/bvrla-logo.png"
      />
      <p>
        2002-2021 Buyacar Ltd t/a "Buyacar" - no part of this website may be reproduced without prior consent. Taking or use of images or text is a breach of copyright. 
        <a
          href="/cars/291/buyacar-terms-and-conditions"
        >
          Terms And Conditions
        </a>
      </p>
      <p>
        Buyacar Limited t/a Buyacar; is authorised and regulated by the Financial Conduct Authority (667368). We act as a credit broker not a lender. We can introduce you to a limited number of lenders who may be able to offer you finance facilities for your purchase. We will only introduce you to these lenders. We may receive a commission payment from the finance provider if you decide to enter into an agreement with them. The nature of this commission is as follows: we receive a commission based on a percentage of the total amount of finance taken by the customer. The commission received does not affect the amount you will pay under your finance agreement. You can request for us to disclose the amount of any commission received. You may be able to obtain finance for your purchase from other lenders and you are encouraged to seek alternative quotations. If you would like to know how we handle complaints, please ask for a copy of our complaints handling process. You can also find information about referring a complaint to the Financial Ombudsman Service (FOS) at 
        <a
          href="https://financial-ombudsman.org.uk"
          rel="noreferrer"
          target="_blank"
        >
          financial-ombudsman.org.uk
        </a>
        .
      </p>
    </div>
  </div>
</footer>
`;
