// Jest Snapshot v1, https://goo.gl/fbAQLP

exports[`<ProgressBarSteps /> renders without errors 1`] = `
<div
  className="container"
>
  <div
    className="bar"
  >
    <div
      className="step future"
      data-id="progress-bar-step"
    >
      <div
        className="icon"
      >
        <span
          className="stepNumber"
        >
          1
        </span>
      </div>
      <div
        className="title"
      />
    </div>
    <div
      className="step future"
      data-id="progress-bar-step"
    >
      <div
        className="icon"
      >
        <span
          className="stepNumber"
        >
          2
        </span>
      </div>
      <div
        className="title"
      />
    </div>
    <div
      className="step future"
      data-id="progress-bar-step"
    >
      <div
        className="icon"
      >
        <span
          className="stepNumber"
        >
          3
        </span>
      </div>
      <div
        className="title"
      />
    </div>
    <div
      className="step future"
      data-id="progress-bar-step"
    >
      <div
        className="icon"
      >
        <span
          className="stepNumber"
        >
          4
        </span>
      </div>
      <div
        className="title"
      />
    </div>
    <div
      className="step future"
      data-id="progress-bar-step"
    >
      <div
        className="icon"
      >
        <span
          className="stepNumber"
        >
          5
        </span>
      </div>
      <div
        className="title"
      />
    </div>
  </div>
</div>
`;
