// Jest Snapshot v1, https://goo.gl/fbAQLP

exports[`<MyCars /> should match snapshot 1`] = `
<Spinner
  className="spinner"
/>
`;
