// Jest Snapshot v1, https://goo.gl/fbAQLP

exports[`<SpeedoAnimation /> renders without errors 1`] = `
<div
  className="speedoContainer"
>
  <div
    className="confettiBlock"
  >
    <Confetti
      active={false}
      className="confetti"
      config={
        Object {
          "angle": 90,
          "colors": Array [
            "#a864fd",
            "#29cdff",
            "#78ff44",
            "#ff718d",
            "#fdff6a",
          ],
          "dragFriction": 0.12,
          "duration": 3000,
          "elementCount": 70,
          "height": "10px",
          "perspective": "500px",
          "spread": 360,
          "stagger": 3,
          "startVelocity": 40,
          "width": "10px",
        }
      }
    />
  </div>
  <div
    className="speedoBlock"
  >
    <Speedo
      className="speedo"
      viewBox="0 0 338 177"
      xmlns="http://www.w3.org/2000/svg"
    />
    <div
      className="needle"
    />
    <div
      className="bandStatus"
    >
      Good
      Â  credit
      <Information
        className="icon"
        data-id="soft-check-info-icon"
        height="512"
        onClick={[Function]}
        viewBox="0 0 330 330"
        width="512"
        xmlns="http://www.w3.org/2000/svg"
      />
    </div>
  </div>
  <div
    className="resultMessage"
  >
    You have an good credit profile and are likely to be accepted
  </div>
</div>
`;
